// Jest Snapshot v1, https://goo.gl/fbAQLP

exports[`Main Main component renders 1`] = `
<div>
  <table>
    <tbody>
      <tr>
        <th />
        <th>
          J
        </th>
        <th>
          F
        </th>
        <th>
          M
        </th>
        <th>
          A
        </th>
        <th>
          M
        </th>
        <th>
          J
        </th>
        <th>
          J
        </th>
        <th>
          A
        </th>
        <th>
          S
        </th>
        <th>
          O
        </th>
        <th>
          N
        </th>
        <th>
          D
        </th>
      </tr>
      <tr>
        <th>
          1
          .
        </th>
        <td
          className="cell--real cell--mood-1"
        />
        <td
          className="cell--real cell--mood-0"
        />
        <td
          className="cell--real cell--mood-0"
        />
        <td
          className="cell--real cell--mood-0"
        />
        <td
          className="cell--real cell--mood-0"
        />
        <td
          className="cell--real cell--mood-0"
        />
        <td
          className="cell--real cell--mood-0"
        />
        <td
          className="cell--real cell--mood-0"
        />
        <td
          className="cell--real cell--mood-0"
        />
        <td
          className="cell--real cell--mood-0"
        />
        <td
          className="cell--real cell--mood-0"
        />
        <td
          className="cell--real cell--mood-0"
        />
      </tr>
      <tr>
        <th>
          2
          .
        </th>
        <td
          className="cell--real cell--mood-1"
        />
        <td
          className="cell--real cell--mood-0"
        />
        <td
          className="cell--real cell--mood-0"
        />
        <td
          className="cell--real cell--mood-0"
        />
        <td
          className="cell--real cell--mood-0"
        />
        <td
          className="cell--real cell--mood-0"
        />
        <td
          className="cell--real cell--mood-0"
        />
        <td
          className="cell--real cell--mood-0"
        />
        <td
          className="cell--real cell--mood-0"
        />
        <td
          className="cell--real cell--mood-0"
        />
        <td
          className="cell--real cell--mood-0"
        />
        <td
          className="cell--real cell--mood-0"
        />
      </tr>
      <tr>
        <th>
          3
          .
        </th>
        <td
          className="cell--real cell--mood-2"
        />
        <td
          className="cell--real cell--mood-0"
        />
        <td
          className="cell--real cell--mood-0"
        />
        <td
          className="cell--real cell--mood-0"
        />
        <td
          className="cell--real cell--mood-0"
        />
        <td
          className="cell--real cell--mood-0"
        />
        <td
          className="cell--real cell--mood-0"
        />
        <td
          className="cell--real cell--mood-0"
        />
        <td
          className="cell--real cell--mood-0"
        />
        <td
          className="cell--real cell--mood-0"
        />
        <td
          className="cell--real cell--mood-0"
        />
        <td
          className="cell--real cell--mood-0"
        />
      </tr>
      <tr>
        <th>
          4
          .
        </th>
        <td
          className="cell--real cell--mood-5"
        />
        <td
          className="cell--real cell--mood-0"
        />
        <td
          className="cell--real cell--mood-0"
        />
        <td
          className="cell--real cell--mood-0"
        />
        <td
          className="cell--real cell--mood-0"
        />
        <td
          className="cell--real cell--mood-0"
        />
        <td
          className="cell--real cell--mood-0"
        />
        <td
          className="cell--real cell--mood-0"
        />
        <td
          className="cell--real cell--mood-0"
        />
        <td
          className="cell--real cell--mood-0"
        />
        <td
          className="cell--real cell--mood-0"
        />
        <td
          className="cell--real cell--mood-0"
        />
      </tr>
      <tr>
        <th>
          5
          .
        </th>
        <td
          className="cell--real cell--mood-0"
        />
        <td
          className="cell--real cell--mood-0"
        />
        <td
          className="cell--real cell--mood-0"
        />
        <td
          className="cell--real cell--mood-0"
        />
        <td
          className="cell--real cell--mood-0"
        />
        <td
          className="cell--real cell--mood-0"
        />
        <td
          className="cell--real cell--mood-0"
        />
        <td
          className="cell--real cell--mood-0"
        />
        <td
          className="cell--real cell--mood-0"
        />
        <td
          className="cell--real cell--mood-0"
        />
        <td
          className="cell--real cell--mood-0"
        />
        <td
          className="cell--real cell--mood-0"
        />
      </tr>
      <tr>
        <th>
          6
          .
        </th>
        <td
          className="cell--real cell--mood-0"
        />
        <td
          className="cell--real cell--mood-0"
        />
        <td
          className="cell--real cell--mood-0"
        />
        <td
          className="cell--real cell--mood-0"
        />
        <td
          className="cell--real cell--mood-0"
        />
        <td
          className="cell--real cell--mood-0"
        />
        <td
          className="cell--real cell--mood-0"
        />
        <td
          className="cell--real cell--mood-0"
        />
        <td
          className="cell--real cell--mood-0"
        />
        <td
          className="cell--real cell--mood-0"
        />
        <td
          className="cell--real cell--mood-0"
        />
        <td
          className="cell--real cell--mood-0"
        />
      </tr>
      <tr>
        <th>
          7
          .
        </th>
        <td
          className="cell--real cell--mood-0"
        />
        <td
          className="cell--real cell--mood-0"
        />
        <td
          className="cell--real cell--mood-0"
        />
        <td
          className="cell--real cell--mood-0"
        />
        <td
          className="cell--real cell--mood-0"
        />
        <td
          className="cell--real cell--mood-0"
        />
        <td
          className="cell--real cell--mood-0"
        />
        <td
          className="cell--real cell--mood-0"
        />
        <td
          className="cell--real cell--mood-0"
        />
        <td
          className="cell--real cell--mood-0"
        />
        <td
          className="cell--real cell--mood-0"
        />
        <td
          className="cell--real cell--mood-0"
        />
      </tr>
      <tr>
        <th>
          8
          .
        </th>
        <td
          className="cell--real cell--mood-0"
        />
        <td
          className="cell--real cell--mood-0"
        />
        <td
          className="cell--real cell--mood-0"
        />
        <td
          className="cell--real cell--mood-0"
        />
        <td
          className="cell--real cell--mood-0"
        />
        <td
          className="cell--real cell--mood-0"
        />
        <td
          className="cell--real cell--mood-0"
        />
        <td
          className="cell--real cell--mood-0"
        />
        <td
          className="cell--real cell--mood-0"
        />
        <td
          className="cell--real cell--mood-0"
        />
        <td
          className="cell--real cell--mood-0"
        />
        <td
          className="cell--real cell--mood-0"
        />
      </tr>
      <tr>
        <th>
          9
          .
        </th>
        <td
          className="cell--real cell--mood-0"
        />
        <td
          className="cell--real cell--mood-0"
        />
        <td
          className="cell--real cell--mood-0"
        />
        <td
          className="cell--real cell--mood-0"
        />
        <td
          className="cell--real cell--mood-0"
        />
        <td
          className="cell--real cell--mood-0"
        />
        <td
          className="cell--real cell--mood-0"
        />
        <td
          className="cell--real cell--mood-0"
        />
        <td
          className="cell--real cell--mood-0"
        />
        <td
          className="cell--real cell--mood-0"
        />
        <td
          className="cell--real cell--mood-0"
        />
        <td
          className="cell--real cell--mood-0"
        />
      </tr>
      <tr>
        <th>
          10
          .
        </th>
        <td
          className="cell--real cell--mood-0"
        />
        <td
          className="cell--real cell--mood-0"
        />
        <td
          className="cell--real cell--mood-0"
        />
        <td
          className="cell--real cell--mood-0"
        />
        <td
          className="cell--real cell--mood-0"
        />
        <td
          className="cell--real cell--mood-0"
        />
        <td
          className="cell--real cell--mood-0"
        />
        <td
          className="cell--real cell--mood-0"
        />
        <td
          className="cell--real cell--mood-0"
        />
        <td
          className="cell--real cell--mood-0"
        />
        <td
          className="cell--real cell--mood-0"
        />
        <td
          className="cell--real cell--mood-0"
        />
      </tr>
      <tr>
        <th>
          11
          .
        </th>
        <td
          className="cell--real cell--mood-0"
        />
        <td
          className="cell--real cell--mood-0"
        />
        <td
          className="cell--real cell--mood-0"
        />
        <td
          className="cell--real cell--mood-0"
        />
        <td
          className="cell--real cell--mood-0"
        />
        <td
          className="cell--real cell--mood-0"
        />
        <td
          className="cell--real cell--mood-0"
        />
        <td
          className="cell--real cell--mood-0"
        />
        <td
          className="cell--real cell--mood-0"
        />
        <td
          className="cell--real cell--mood-0"
        />
        <td
          className="cell--real cell--mood-0"
        />
        <td
          className="cell--real cell--mood-0"
        />
      </tr>
      <tr>
        <th>
          12
          .
        </th>
        <td
          className="cell--real cell--mood-0"
        />
        <td
          className="cell--real cell--mood-0"
        />
        <td
          className="cell--real cell--mood-0"
        />
        <td
          className="cell--real cell--mood-0"
        />
        <td
          className="cell--real cell--mood-0"
        />
        <td
          className="cell--real cell--mood-0"
        />
        <td
          className="cell--real cell--mood-0"
        />
        <td
          className="cell--real cell--mood-0"
        />
        <td
          className="cell--real cell--mood-0"
        />
        <td
          className="cell--real cell--mood-0"
        />
        <td
          className="cell--real cell--mood-0"
        />
        <td
          className="cell--real cell--mood-0"
        />
      </tr>
      <tr>
        <th>
          13
          .
        </th>
        <td
          className="cell--real cell--mood-0"
        />
        <td
          className="cell--real cell--mood-0"
        />
        <td
          className="cell--real cell--mood-0"
        />
        <td
          className="cell--real cell--mood-0"
        />
        <td
          className="cell--real cell--mood-0"
        />
        <td
          className="cell--real cell--mood-0"
        />
        <td
          className="cell--real cell--mood-0"
        />
        <td
          className="cell--real cell--mood-0"
        />
        <td
          className="cell--real cell--mood-0"
        />
        <td
          className="cell--real cell--mood-0"
        />
        <td
          className="cell--real cell--mood-0"
        />
        <td
          className="cell--real cell--mood-0"
        />
      </tr>
      <tr>
        <th>
          14
          .
        </th>
        <td
          className="cell--real cell--mood-0"
        />
        <td
          className="cell--real cell--mood-0"
        />
        <td
          className="cell--real cell--mood-0"
        />
        <td
          className="cell--real cell--mood-0"
        />
        <td
          className="cell--real cell--mood-0"
        />
        <td
          className="cell--real cell--mood-0"
        />
        <td
          className="cell--real cell--mood-0"
        />
        <td
          className="cell--real cell--mood-0"
        />
        <td
          className="cell--real cell--mood-0"
        />
        <td
          className="cell--real cell--mood-0"
        />
        <td
          className="cell--real cell--mood-0"
        />
        <td
          className="cell--real cell--mood-0"
        />
      </tr>
      <tr>
        <th>
          15
          .
        </th>
        <td
          className="cell--real cell--mood-0"
        />
        <td
          className="cell--real cell--mood-0"
        />
        <td
          className="cell--real cell--mood-6"
        />
        <td
          className="cell--real cell--mood-0"
        />
        <td
          className="cell--real cell--mood-0"
        />
        <td
          className="cell--real cell--mood-0"
        />
        <td
          className="cell--real cell--mood-0"
        />
        <td
          className="cell--real cell--mood-0"
        />
        <td
          className="cell--real cell--mood-0"
        />
        <td
          className="cell--real cell--mood-0"
        />
        <td
          className="cell--real cell--mood-0"
        />
        <td
          className="cell--real cell--mood-0"
        />
      </tr>
      <tr>
        <th>
          16
          .
        </th>
        <td
          className="cell--real cell--mood-0"
        />
        <td
          className="cell--real cell--mood-0"
        />
        <td
          className="cell--real cell--mood-0"
        />
        <td
          className="cell--real cell--mood-0"
        />
        <td
          className="cell--real cell--mood-0"
        />
        <td
          className="cell--real cell--mood-0"
        />
        <td
          className="cell--real cell--mood-0"
        />
        <td
          className="cell--real cell--mood-0"
        />
        <td
          className="cell--real cell--mood-0"
        />
        <td
          className="cell--real cell--mood-0"
        />
        <td
          className="cell--real cell--mood-0"
        />
        <td
          className="cell--real cell--mood-0"
        />
      </tr>
      <tr>
        <th>
          17
          .
        </th>
        <td
          className="cell--real cell--mood-0"
        />
        <td
          className="cell--real cell--mood-0"
        />
        <td
          className="cell--real cell--mood-0"
        />
        <td
          className="cell--real cell--mood-0"
        />
        <td
          className="cell--real cell--mood-0"
        />
        <td
          className="cell--real cell--mood-0"
        />
        <td
          className="cell--real cell--mood-0"
        />
        <td
          className="cell--real cell--mood-0"
        />
        <td
          className="cell--real cell--mood-0"
        />
        <td
          className="cell--real cell--mood-0"
        />
        <td
          className="cell--real cell--mood-0"
        />
        <td
          className="cell--real cell--mood-0"
        />
      </tr>
      <tr>
        <th>
          18
          .
        </th>
        <td
          className="cell--real cell--mood-0"
        />
        <td
          className="cell--real cell--mood-0"
        />
        <td
          className="cell--real cell--mood-0"
        />
        <td
          className="cell--real cell--mood-0"
        />
        <td
          className="cell--real cell--mood-0"
        />
        <td
          className="cell--real cell--mood-0"
        />
        <td
          className="cell--real cell--mood-0"
        />
        <td
          className="cell--real cell--mood-0"
        />
        <td
          className="cell--real cell--mood-0"
        />
        <td
          className="cell--real cell--mood-0"
        />
        <td
          className="cell--real cell--mood-0"
        />
        <td
          className="cell--real cell--mood-0"
        />
      </tr>
      <tr>
        <th>
          19
          .
        </th>
        <td
          className="cell--real cell--mood-0"
        />
        <td
          className="cell--real cell--mood-0"
        />
        <td
          className="cell--real cell--mood-0"
        />
        <td
          className="cell--real cell--mood-0"
        />
        <td
          className="cell--real cell--mood-0"
        />
        <td
          className="cell--real cell--mood-0"
        />
        <td
          className="cell--real cell--mood-0"
        />
        <td
          className="cell--real cell--mood-0"
        />
        <td
          className="cell--real cell--mood-0"
        />
        <td
          className="cell--real cell--mood-0"
        />
        <td
          className="cell--real cell--mood-0"
        />
        <td
          className="cell--real cell--mood-0"
        />
      </tr>
      <tr>
        <th>
          20
          .
        </th>
        <td
          className="cell--real cell--mood-0"
        />
        <td
          className="cell--real cell--mood-0"
        />
        <td
          className="cell--real cell--mood-0"
        />
        <td
          className="cell--real cell--mood-0"
        />
        <td
          className="cell--real cell--mood-0"
        />
        <td
          className="cell--real cell--mood-0"
        />
        <td
          className="cell--real cell--mood-0"
        />
        <td
          className="cell--real cell--mood-0"
        />
        <td
          className="cell--real cell--mood-0"
        />
        <td
          className="cell--real cell--mood-0"
        />
        <td
          className="cell--real cell--mood-0"
        />
        <td
          className="cell--real cell--mood-0"
        />
      </tr>
      <tr>
        <th>
          21
          .
        </th>
        <td
          className="cell--real cell--mood-0 cell--current"
        />
        <td
          className="cell--real cell--mood-0"
        />
        <td
          className="cell--real cell--mood-0"
        />
        <td
          className="cell--real cell--mood-0"
        />
        <td
          className="cell--real cell--mood-0"
        />
        <td
          className="cell--real cell--mood-0"
        />
        <td
          className="cell--real cell--mood-0"
        />
        <td
          className="cell--real cell--mood-0"
        />
        <td
          className="cell--real cell--mood-0"
        />
        <td
          className="cell--real cell--mood-0"
        />
        <td
          className="cell--real cell--mood-0"
        />
        <td
          className="cell--real cell--mood-0"
        />
      </tr>
      <tr>
        <th>
          22
          .
        </th>
        <td
          className="cell--real cell--mood-0"
        />
        <td
          className="cell--real cell--mood-0"
        />
        <td
          className="cell--real cell--mood-0"
        />
        <td
          className="cell--real cell--mood-0"
        />
        <td
          className="cell--real cell--mood-0"
        />
        <td
          className="cell--real cell--mood-0"
        />
        <td
          className="cell--real cell--mood-0"
        />
        <td
          className="cell--real cell--mood-0"
        />
        <td
          className="cell--real cell--mood-0"
        />
        <td
          className="cell--real cell--mood-0"
        />
        <td
          className="cell--real cell--mood-0"
        />
        <td
          className="cell--real cell--mood-0"
        />
      </tr>
      <tr>
        <th>
          23
          .
        </th>
        <td
          className="cell--real cell--mood-0"
        />
        <td
          className="cell--real cell--mood-0"
        />
        <td
          className="cell--real cell--mood-0"
        />
        <td
          className="cell--real cell--mood-0"
        />
        <td
          className="cell--real cell--mood-0"
        />
        <td
          className="cell--real cell--mood-0"
        />
        <td
          className="cell--real cell--mood-0"
        />
        <td
          className="cell--real cell--mood-0"
        />
        <td
          className="cell--real cell--mood-0"
        />
        <td
          className="cell--real cell--mood-0"
        />
        <td
          className="cell--real cell--mood-0"
        />
        <td
          className="cell--real cell--mood-0"
        />
      </tr>
      <tr>
        <th>
          24
          .
        </th>
        <td
          className="cell--real cell--mood-0"
        />
        <td
          className="cell--real cell--mood-0"
        />
        <td
          className="cell--real cell--mood-0"
        />
        <td
          className="cell--real cell--mood-0"
        />
        <td
          className="cell--real cell--mood-0"
        />
        <td
          className="cell--real cell--mood-0"
        />
        <td
          className="cell--real cell--mood-0"
        />
        <td
          className="cell--real cell--mood-0"
        />
        <td
          className="cell--real cell--mood-0"
        />
        <td
          className="cell--real cell--mood-0"
        />
        <td
          className="cell--real cell--mood-0"
        />
        <td
          className="cell--real cell--mood-0"
        />
      </tr>
      <tr>
        <th>
          25
          .
        </th>
        <td
          className="cell--real cell--mood-0"
        />
        <td
          className="cell--real cell--mood-0"
        />
        <td
          className="cell--real cell--mood-0"
        />
        <td
          className="cell--real cell--mood-0"
        />
        <td
          className="cell--real cell--mood-0"
        />
        <td
          className="cell--real cell--mood-0"
        />
        <td
          className="cell--real cell--mood-0"
        />
        <td
          className="cell--real cell--mood-0"
        />
        <td
          className="cell--real cell--mood-0"
        />
        <td
          className="cell--real cell--mood-0"
        />
        <td
          className="cell--real cell--mood-0"
        />
        <td
          className="cell--real cell--mood-0"
        />
      </tr>
      <tr>
        <th>
          26
          .
        </th>
        <td
          className="cell--real cell--mood-0"
        />
        <td
          className="cell--real cell--mood-0"
        />
        <td
          className="cell--real cell--mood-0"
        />
        <td
          className="cell--real cell--mood-0"
        />
        <td
          className="cell--real cell--mood-0"
        />
        <td
          className="cell--real cell--mood-0"
        />
        <td
          className="cell--real cell--mood-0"
        />
        <td
          className="cell--real cell--mood-0"
        />
        <td
          className="cell--real cell--mood-0"
        />
        <td
          className="cell--real cell--mood-0"
        />
        <td
          className="cell--real cell--mood-0"
        />
        <td
          className="cell--real cell--mood-0"
        />
      </tr>
      <tr>
        <th>
          27
          .
        </th>
        <td
          className="cell--real cell--mood-0"
        />
        <td
          className="cell--real cell--mood-0"
        />
        <td
          className="cell--real cell--mood-0"
        />
        <td
          className="cell--real cell--mood-0"
        />
        <td
          className="cell--real cell--mood-0"
        />
        <td
          className="cell--real cell--mood-0"
        />
        <td
          className="cell--real cell--mood-0"
        />
        <td
          className="cell--real cell--mood-0"
        />
        <td
          className="cell--real cell--mood-0"
        />
        <td
          className="cell--real cell--mood-0"
        />
        <td
          className="cell--real cell--mood-0"
        />
        <td
          className="cell--real cell--mood-0"
        />
      </tr>
      <tr>
        <th>
          28
          .
        </th>
        <td
          className="cell--real cell--mood-0"
        />
        <td
          className="cell--real cell--mood-0"
        />
        <td
          className="cell--real cell--mood-0"
        />
        <td
          className="cell--real cell--mood-0"
        />
        <td
          className="cell--real cell--mood-0"
        />
        <td
          className="cell--real cell--mood-0"
        />
        <td
          className="cell--real cell--mood-0"
        />
        <td
          className="cell--real cell--mood-0"
        />
        <td
          className="cell--real cell--mood-0"
        />
        <td
          className="cell--real cell--mood-0"
        />
        <td
          className="cell--real cell--mood-0"
        />
        <td
          className="cell--real cell--mood-0"
        />
      </tr>
      <tr>
        <th>
          29
          .
        </th>
        <td
          className="cell--real cell--mood-0"
        />
        <td
          className="cell--fake"
        />
        <td
          className="cell--real cell--mood-0"
        />
        <td
          className="cell--real cell--mood-0"
        />
        <td
          className="cell--real cell--mood-0"
        />
        <td
          className="cell--real cell--mood-0"
        />
        <td
          className="cell--real cell--mood-0"
        />
        <td
          className="cell--real cell--mood-0"
        />
        <td
          className="cell--real cell--mood-0"
        />
        <td
          className="cell--real cell--mood-0"
        />
        <td
          className="cell--real cell--mood-0"
        />
        <td
          className="cell--real cell--mood-0"
        />
      </tr>
      <tr>
        <th>
          30
          .
        </th>
        <td
          className="cell--real cell--mood-0"
        />
        <td
          className="cell--fake"
        />
        <td
          className="cell--real cell--mood-0"
        />
        <td
          className="cell--real cell--mood-0"
        />
        <td
          className="cell--real cell--mood-0"
        />
        <td
          className="cell--real cell--mood-0"
        />
        <td
          className="cell--real cell--mood-0"
        />
        <td
          className="cell--real cell--mood-0"
        />
        <td
          className="cell--real cell--mood-0"
        />
        <td
          className="cell--real cell--mood-0"
        />
        <td
          className="cell--real cell--mood-0"
        />
        <td
          className="cell--real cell--mood-0"
        />
      </tr>
      <tr>
        <th>
          31
          .
        </th>
        <td
          className="cell--real cell--mood-0"
        />
        <td
          className="cell--fake"
        />
        <td
          className="cell--real cell--mood-0"
        />
        <td
          className="cell--fake"
        />
        <td
          className="cell--real cell--mood-0"
        />
        <td
          className="cell--fake"
        />
        <td
          className="cell--real cell--mood-0"
        />
        <td
          className="cell--real cell--mood-0"
        />
        <td
          className="cell--fake"
        />
        <td
          className="cell--real cell--mood-0"
        />
        <td
          className="cell--fake"
        />
        <td
          className="cell--real cell--mood-0"
        />
      </tr>
    </tbody>
  </table>
</div>
`;
